<div class="container py-4"><div class="text-end"><button id="themeToggle" class="btn btn-outline-light btn-sm">Zmień motyw</button></div><h1 class="text-center mb-4">🌿 Dashboard cen medycznej marihuany</h1><div class="row mb-3"><div class="col-md-6 mb-2 mb-md-0"><label class="form-label">Wybierz produkt:</label><select class="form-select"><option value="" selected="">Wybierz produkt...</option></select></div><div class="col-md-6"><label class="form-label">Miasto:</label><select class="form-select"><option value="" selected="">Wszystkie miasta...</option></select></div></div></div>